[1/8] Reading data: feature_engineering/fraud-detection/data/processed/transactions_cleaned.parquet
      rows=6,362,620, fraud=8,213, fraud_rate=0.1291%
[3/8] Engineering model features, including account velocity/time-gap fields
[4/8] Plotting feature distributions and selecting uncorrelated features
      selected 32 / 34 features; dropped 2 correlated numeric features
[5/8] Creating stratified train/test split
      train fraud_rate=0.1291% (6,160/4,771,965); test fraud_rate=0.1291% (2,053/1,590,655)
      fraud-review set=3,053 rows (2,053 fraud + 1,000 normal)
[6/8] Training balancing/model combinations
      Training original__logistic_regression ...
      Training original__random_forest ...
      Training original__xgboost ...
      Training original__hist_gradient_boosting ...
      Training undersampling__logistic_regression ...
      Training undersampling__random_forest ...
      Training undersampling__xgboost ...
      Training undersampling__hist_gradient_boosting ...
      Training smote__logistic_regression ...
      Fitting preprocess + SMOTE once for all SMOTE models ...
      SMOTE cache rows=5,957,256 fraud=1,191,451; seconds=14.0
      Training smote__random_forest ...
      Training smote__xgboost ...
      Training smote__hist_gradient_boosting ...
      Training class_weights__logistic_regression ...
