

=== Dashboard retrain ===
/home/phucnt/miniconda3/envs/BA/bin/python3.13 data_balancing/balancing_experiments.py --max-rows 0 --split stratified --fraud-review-size 3000 --run-cv --cv-folds 5
[1/8] Reading data: feature_engineering/fraud-detection/data/processed/transactions_cleaned.parquet
      rows=6,362,620, fraud=8,213, fraud_rate=0.1291%
[3/8] Engineering model features, including account velocity/time-gap fields


=== Dashboard retrain ===
/home/phucnt/miniconda3/envs/BA/bin/python3.13 data_balancing/balancing_experiments.py --max-rows 0 --split stratified --fraud-review-size 3000
[1/8] Reading data: feature_engineering/fraud-detection/data/processed/transactions_cleaned.parquet
      rows=6,362,620, fraud=8,213, fraud_rate=0.1291%
[3/8] Engineering model features, including account velocity/time-gap fields
[4/8] Plotting feature distributions and selecting uncorrelated features
[4/8] Plotting feature distributions and selecting uncorrelated features
      selected 32 / 34 features; dropped 2 correlated numeric features
[5/8] Creating stratified train/test split
      train fraud_rate=0.1291% (6,160/4,771,965); test fraud_rate=0.1291% (2,053/1,590,655)
      fraud-review set=5,053 rows (2,053 fraud + 3,000 normal)
[6/8] Training balancing/model combinations
      Training original__logistic_regression ...
      Training original__random_forest ...
      selected 32 / 34 features; dropped 2 correlated numeric features
[5/8] Creating stratified train/test split
      train fraud_rate=0.1291% (6,160/4,771,965); test fraud_rate=0.1291% (2,053/1,590,655)
      fraud-review set=5,053 rows (2,053 fraud + 3,000 normal)
[6/8] Training balancing/model combinations
      Training original__logistic_regression ...


=== Dashboard retrain ===
/home/phucnt/miniconda3/envs/BA/bin/python3.13 data_balancing/balancing_experiments.py --max-rows 50000 --split stratified --fraud-review-size 3000 --strategies original --models random_forest --run-cv --cv-folds 5
[1/8] Reading data: feature_engineering/fraud-detection/data/processed/transactions_cleaned.parquet
[2/8] Stratified sampling to 50,000 rows for this run
      rows=50,000, fraud=65, fraud_rate=0.1300%
[3/8] Engineering model features, including account velocity/time-gap fields
[4/8] Plotting feature distributions and selecting uncorrelated features
      Training original__xgboost ...
      selected 33 / 34 features; dropped 1 correlated numeric features
[5/8] Creating stratified train/test split
      train fraud_rate=0.1307% (49/37,500); test fraud_rate=0.1280% (16/12,500)
      fraud-review set=3,016 rows (16 fraud + 3,000 normal)
[6/8] Training balancing/model combinations
      Training original__random_forest ...
[7/8] Writing evaluation tables and figures
[8/8] Running optional 5-fold CV curves

=== Results sorted by AUC-PR/F1 ===
strategy               model   auc_pr  roc_auc  precision   recall       f1  test_fraud_cases  fraud_cases_captured  fraud_cases_missed  fraud_case_capture_rate  fraud_amount_total  fraud_amount_captured  fraud_amount_missed  fraud_value_capture_rate  review_queue_size  false_alerts  review_fraud_hit_rate  operating_threshold  business_cost  fit_seconds  smote_shared_seconds  model_fit_seconds                                                                   checkpoint_path
original       random_forest 0.938694 0.999785   0.173913 1.000000 0.296296                16                    16                   0                 1.000000         28091103.45            28091103.45                 0.00                  1.000000                 92            76               0.173913                 0.02         380.00     1.477815                   0.0           1.477815       data_balancing/outputs/artifacts/checkpoints/original__random_forest.joblib
original logistic_regression 0.738095 0.998532   1.000000 0.666667 0.800000                 3                     2                   1                 0.666667         11754212.07            11576531.53            177680.54                  0.984884                  2             0               1.000000                 0.19      177680.54     0.019155                   0.0           0.019155 data_balancing/outputs/artifacts/checkpoints/original__logistic_regression.joblib

Wrote outputs to: data_balancing/outputs
      Training original__hist_gradient_boosting ...
      Training undersampling__logistic_regression ...
      Training undersampling__random_forest ...
      Training undersampling__xgboost ...
      Training undersampling__hist_gradient_boosting ...
      Training smote__logistic_regression ...
      Fitting preprocess + SMOTE once for all SMOTE models ...
      SMOTE cache rows=5,957,256 fraud=1,191,451; seconds=12.4
